// Vitest Snapshot v1, https://vitest.dev/guide/snapshot.html

exports[`KnowledgeBaseFormModal > basic rendering > should match snapshot 1`] = `
<div
  data-open="true"
  data-testid="dialog"
>
  <div
    class="w-[900px] max-w-[65vw] overflow-hidden p-0 pb-[10px] sm:max-w-[900px]"
    data-show-close="true"
    data-testid="dialog-content"
  >
    <div
      class="m-0 rounded-none border-[var(--color-border)] border-b-[0.5px] p-[10px_15px]"
      data-testid="dialog-header"
    >
      <h2
        class="text-sm"
        data-testid="dialog-title"
      >
        Knowledge Base Settings
      </h2>
    </div>
    <div
      class="flex h-[550px] flex-row"
      data-default-value="general"
      data-orientation="vertical"
      data-testid="tabs"
    >
      <div
        class="flex h-full w-auto items-start justify-center bg-transparent px-2"
        data-testid="tabs-list"
      >
        <div
          class="mt-[2px] h-auto flex-col gap-0 bg-transparent p-[5px]"
          data-testid="tabs-list"
        >
          <button
            class="mb-[7px] flex h-9 items-center justify-start rounded-md border-[0.5px] border-transparent bg-transparent px-3 font-normal text-[var(--color-text-2)] shadow-none hover:bg-[var(--color-background-soft)] data-[state=active]:border-[var(--color-border)] data-[state=active]:bg-[var(--color-background-soft)] data-[state=active]:font-medium data-[state=active]:text-[var(--color-text-1)] data-[state=active]:shadow-none"
            data-testid="tabs-trigger-general"
            data-value="general"
            type="button"
          >
            General Settings
          </button>
          <button
            class="mb-[7px] flex h-9 items-center justify-start rounded-md border-[0.5px] border-transparent bg-transparent px-3 font-normal text-[var(--color-text-2)] shadow-none hover:bg-[var(--color-background-soft)] data-[state=active]:border-[var(--color-border)] data-[state=active]:bg-[var(--color-background-soft)] data-[state=active]:font-medium data-[state=active]:text-[var(--color-text-1)] data-[state=active]:shadow-none"
            data-testid="tabs-trigger-advanced"
            data-value="advanced"
            type="button"
          >
            Advanced Settings
          </button>
        </div>
      </div>
      <div
        data-orientation="vertical"
        data-testid="separator"
      />
      <div
        class="flex-1 overflow-y-auto"
        data-testid="tabs-content-general"
        data-value="general"
      >
        <div
          data-testid="general-panel"
        >
          General Settings Panel
        </div>
      </div>
      <div
        class="flex-1 overflow-y-auto"
        data-testid="tabs-content-advanced"
        data-value="advanced"
      >
        <div
          data-testid="advanced-panel"
        >
          Advanced Settings Panel
        </div>
      </div>
    </div>
    <div
      class="border-[var(--color-border)] border-t-[0.5px] px-4 pt-3"
      data-testid="dialog-footer"
    >
      <button
        data-testid="button"
        data-variant="bordered"
        type="button"
      >
        Cancel
      </button>
      <button
        data-testid="button"
        type="button"
      >
        Confirm
      </button>
    </div>
  </div>
</div>
`;
